../Core/Src/main.c:67:6:ALL_Init	8	static
../Core/Src/main.c:76:5:fputcc	16	static
../Core/Src/main.c:81:6:fput	16	static
../Core/Src/main.c:85:5:freads	16	static
../Core/Src/main.c:94:6:lowPowerMode	8	static
../Core/Src/main.c:112:6:lowResourceMode	8	static
../Core/Src/main.c:144:6:init_Keyboard	16	static
../Core/Src/main.c:151:6:send_Keyboard	16	static
../Core/Src/main.c:158:5:update_Keyboard	32	static
../Core/Src/main.c:178:5:main	16	static
../Core/Src/main.c:280:6:SystemClock_Config	136	static
../Core/Src/main.c:333:13:MX_I2C1_Init	8	static
../Core/Src/main.c:381:13:MX_RTC_Init	8	static
../Core/Src/main.c:424:13:MX_USART2_UART_Init	8	static
../Core/Src/main.c:459:13:MX_USART5_UART_Init	8	static
../Core/Src/main.c:492:13:MX_DMA_Init	16	static
../Core/Src/main.c:510:13:MX_GPIO_Init	56	static
../Core/Src/main.c:555:6:HAL_GPIO_EXTI_Callback	16	static
../Core/Src/main.c:590:13:SystemPower_Config	8	static
../Core/Src/main.c:635:6:Error_Handler	8	static,ignoring_inline_asm
